2025-10-23 14:34:35 +0700 | Room: IPA2025-Exam(Test) | asdasd
2025-10-23 14:35:09 +0700 | Room: IPA2025-Exam(Test) | test stest
2025-10-23 14:35:49 +0700 | Room: IPA2025-Exam(Test) | 
2025-10-23 14:45:08 +0700 | Room: IPA2025 | /ask API คืออะไร
2025-10-23 14:47:22 +0700 | Room: Alisala Tunleng | ขอ github หน่อยคับปี้
2025-10-23 14:47:35 +0700 | Room: Alisala Tunleng | แล้วก็ Run Command /check รหัสนส ในห้องหลักได้เลยคับปี้
2025-10-23 14:50:35 +0700 | Room: Alisala Tunleng | ผ่านแล้วคับปี้
2025-10-23 14:58:21 +0700 | Room: Alisala Tunleng | หะ
2025-10-23 14:58:23 +0700 | Room: Alisala Tunleng | 55555555555555555555555555555555555555555555
2025-10-23 14:59:15 +0700 | Room: IPA2025-Exam(Test) | /ask aaa
2025-10-23 14:59:47 +0700 | Room: IPA2025 | /ask กินอะไรดีวันนี้
2025-10-23 15:04:15 +0700 | Room: IPA2025-Exam(Test) | /check 66070017
2025-10-23 15:06:06 +0700 | Room: IPA2025-Exam(Test) | /cancel
2025-10-23 15:06:56 +0700 | Room: IPA2025-Exam(Test) | /check 64070017
2025-10-23 15:07:33 +0700 | Room: IPA2025-Exam(Test) | /cancel
2025-10-23 15:09:03 +0700 | Room: IPA2025-Exam(Test) | /ask ADV
2025-10-23 15:11:14 +0700 | Room: IPA2025-Exam(Test) | /ask explain webhook
2025-10-23 15:13:16 +0700 | Room: IPA2025-Exam(Test) | /ask explain webhook
2025-10-23 16:04:36 +0700 | Room: IPA2025 | /check 66070118
2025-10-23 16:05:03 +0700 | Room: Nawachart Ongcharoen | รันโค๊ดละก็ /check รหัส นศ ได้เลยก้าบ
2025-10-23 16:05:06 +0700 | Room: Sonrasamon Meepasee | รันโค๊ดละก็ /check รหัส นศ ได้เลยก้าบ
2025-10-23 16:05:11 +0700 | Room: Nontawich Tungkun | ได้เลยๆๆๆ
2025-10-23 17:08:19 +0700 | Room: Sonrasamon Meepasee | แก้ได้ ได้หมดเลอๆ
2025-10-23 17:08:37 +0700 | Room: Sonrasamon Meepasee | ผ่านละจ้าๆ
2025-10-23 17:09:20 +0700 | Room: Nawachart Ongcharoen | เรียบร้อยจ้าาา
2025-10-23 17:27:41 +0700 | Room: Chalatphon Kaewon | เรียบร้อยค้าบ
2025-10-23 18:10:33 +0700 | Room: Sirachet Chotthakunanan | โอเก ตรวจแล้วจ้าๆ
2025-10-23 21:33:59 +0700 | Room: Nontawich Tungkun | ได้เลยจ้าๆๆ
2025-10-23 22:47:02 +0700 | Room: Nontawich Tungkun | พี่เช็คให้แล้วว
2025-10-23 22:48:41 +0700 | Room: Nattapong Puttipatkosit | รัน Code ละพิมพ์ /check รหัสนศ ในห้องหลักได้เลอ
2025-10-23 22:48:54 +0700 | Room: Worachai Pikunkaew | รัน Code ละพิมพ์ /check รหัสนศ ในห้องหลักได้เลอ
2025-10-23 22:48:58 +0700 | Room: Nijitpong Tipparak | รัน Code ละพิมพ์ /check รหัสนศ ในห้องหลักได้เลอ
2025-10-23 22:49:58 +0700 | Room: Nattapong Puttipatkosit | โอเกจ้า เช็คละๆ
2025-10-23 22:51:56 +0700 | Room: Nattapong Puttipatkosit | เรียบร้อยะๆๆ
2025-10-23 22:52:25 +0700 | Room: Worachai Pikunkaew | เรียบร้อยๆๆ เช็คละๆๆ
2025-10-23 22:52:30 +0700 | Room: Worachai Pikunkaew | แต่ทำไม Reply มา 2 อัน 5555555
2025-10-23 22:53:21 +0700 | Room: Worachai Pikunkaew | เฮ้ย พรุ่งนี้ยังมีต่อครับน้อง
2025-10-23 22:53:28 +0700 | Room: Nijitpong Tipparak | โอเค เช็คละๆจ้า
2025-10-23 23:04:56 +0700 | Room: Kornchanok Chaemsilp | รัน Code ละพิมพ์ /check รหัสนศ ในห้องหลักได้เลยครับ
2025-10-23 23:07:14 +0700 | Room: Kornchanok Chaemsilp | เช็คเรียบร้อยแล้วครับ
