2025-10-23 17:29:10 +0700 | Room: IPA2025 | /check 66070244
2025-10-23 17:29:17 +0700 | Room: IPA2025 | No Interface loopback 66070244
2025-10-23 17:29:22 +0700 | Room: IPA2025 | Cannot enable: Interface loopback 66070244
2025-10-23 17:29:26 +0700 | Room: IPA2025 | No Interface loopback 66070244
2025-10-23 17:29:31 +0700 | Room: IPA2025 | No Interface loopback 66070244
2025-10-23 17:29:35 +0700 | Room: IPA2025 | Cannot delete: Interface loopback 66070244
2025-10-23 17:29:40 +0700 | Room: IPA2025 | GigabitEthernet1 up -> 1 up, 0 down, 0 administratively down
2025-10-23 17:29:45 +0700 | Room: IPA2025 | Interface loopback 66070244 is created successfully
2025-10-23 17:29:54 +0700 | Room: IPA2025 | /check 66070244
2025-10-23 17:30:02 +0700 | Room: IPA2025 | Interface loopback 66070244 is created successfully
2025-10-23 17:30:09 +0700 | Room: IPA2025 | Failure 
PLAY [Backup running config from CSR router] ***********************************

TASK [Show running-config from device] *****************************************
[ERROR]: Task failed: Action failed: ssh connection failed: ssh connect failed: kex error : no match for method kex algos: server [diffie-hellman-group-exchange-sha1,diffie-hellman-group14-sha1], client [curve25519-sha256,curve25519-sha256@libssh.org,ecdh-sha2-nistp256,ecdh-sha2-nistp384,ecdh-sha2-nistp521,diffie-hellman-group18-sha512,diffie-hellman-group16-sha512,diffie-hellman-group-exchange-sha256,diffie-hellman-group14-sha256]
Origin: /home/kacha/Desktop/github/IPA2024-Final/showrun.yml:8:7

6
7   tasks:
8     - name: Show running-config from device
        ^ column 7

fatal: [CSR1000v]: FAILED! => {"changed": false, "msg": "ssh connection failed: ssh connect failed: kex error : no match for method kex algos: server [diffie-hellman-group-exchange-sha1,diffie-hellman-group14-sha1], client [curve25519-sha256,curve25519-sha256@libssh.org,ecdh-sha2-nistp256,ecdh-sha2-nistp384,ecdh-sha2-nistp521,diffie-hellman-group18-sha512,diffie-hellman-group16-sha512,diffie-hellman-group-exchange-sha256,diffie-hellman-group14-sha256]"}

PLAY RECAP *********************************************************************
CSR1000v                   : ok=0    changed=0    unreachable=0    failed=1    skipped=0    rescued=0    ignored=0
2025-10-23 17:30:14 +0700 | Room: IPA2025 | Failure 
PLAY [Backup running config from CSR router] ***********************************

TASK [Show running-config from device] *****************************************
[ERROR]: Task failed: Action failed: ssh connection failed: ssh connect failed: kex error : no match for method kex algos: server [diffie-hellman-group-exchange-sha1,diffie-hellman-group14-sha1], client [curve25519-sha256,curve25519-sha256@libssh.org,ecdh-sha2-nistp256,ecdh-sha2-nistp384,ecdh-sha2-nistp521,diffie-hellman-group18-sha512,diffie-hellman-group16-sha512,diffie-hellman-group-exchange-sha256,diffie-hellman-group14-sha256]
Origin: /home/kacha/Desktop/github/IPA2024-Final/showrun.yml:8:7

6
7   tasks:
8     - name: Show running-config from device
        ^ column 7

fatal: [CSR1000v]: FAILED! => {"changed": false, "msg": "ssh connection failed: ssh connect failed: kex error : no match for method kex algos: server [diffie-hellman-group-exchange-sha1,diffie-hellman-group14-sha1], client [curve25519-sha256,curve25519-sha256@libssh.org,ecdh-sha2-nistp256,ecdh-sha2-nistp384,ecdh-sha2-nistp521,diffie-hellman-group18-sha512,diffie-hellman-group16-sha512,diffie-hellman-group-exchange-sha256,diffie-hellman-group14-sha256]"}

PLAY RECAP *********************************************************************
CSR1000v                   : ok=0    changed=0    unreachable=0    failed=1    skipped=0    rescued=0    ignored=0
2025-10-23 17:30:18 +0700 | Room: IPA2025 | Failure 
PLAY [Backup running config from CSR router] ***********************************

TASK [Show running-config from device] *****************************************
[ERROR]: Task failed: Action failed: ssh connection failed: ssh connect failed: kex error : no match for method kex algos: server [diffie-hellman-group-exchange-sha1,diffie-hellman-group14-sha1], client [curve25519-sha256,curve25519-sha256@libssh.org,ecdh-sha2-nistp256,ecdh-sha2-nistp384,ecdh-sha2-nistp521,diffie-hellman-group18-sha512,diffie-hellman-group16-sha512,diffie-hellman-group-exchange-sha256,diffie-hellman-group14-sha256]
Origin: /home/kacha/Desktop/github/IPA2024-Final/showrun.yml:8:7

6
7   tasks:
8     - name: Show running-config from device
        ^ column 7

fatal: [CSR1000v]: FAILED! => {"changed": false, "msg": "ssh connection failed: ssh connect failed: kex error : no match for method kex algos: server [diffie-hellman-group-exchange-sha1,diffie-hellman-group14-sha1], client [curve25519-sha256,curve25519-sha256@libssh.org,ecdh-sha2-nistp256,ecdh-sha2-nistp384,ecdh-sha2-nistp521,diffie-hellman-group18-sha512,diffie-hellman-group16-sha512,diffie-hellman-group-exchange-sha256,diffie-hellman-group14-sha256]"}

PLAY RECAP *********************************************************************
CSR1000v                   : ok=0    changed=0    unreachable=0    failed=1    skipped=0    rescued=0    ignored=0
2025-10-23 17:30:25 +0700 | Room: IPA2025 | Interface loopback 66070244 is shutdowned successfully
2025-10-23 17:30:31 +0700 | Room: IPA2025 | Interface loopback 66070244 is shutdowned successfully
2025-10-23 17:30:36 +0700 | Room: IPA2025 | Interface loopback 66070244 is created successfully
2025-10-23 17:30:41 +0700 | Room: IPA2025 | Interface loopback 66070244 is deleted successfully
2025-10-23 17:35:36 +0700 | Room: IPA2025 | /66070244 showrun
2025-10-23 17:35:40 +0700 | Room: IPA2025 | Failure 
PLAY [Backup running config from CSR router] ***********************************

TASK [Show running-config from device] *****************************************
[ERROR]: Task failed: Action failed: ssh connection failed: ssh connect failed: kex error : no match for method kex algos: server [diffie-hellman-group-exchange-sha1,diffie-hellman-group14-sha1], client [curve25519-sha256,curve25519-sha256@libssh.org,ecdh-sha2-nistp256,ecdh-sha2-nistp384,ecdh-sha2-nistp521,diffie-hellman-group18-sha512,diffie-hellman-group16-sha512,diffie-hellman-group-exchange-sha256,diffie-hellman-group14-sha256]
Origin: /home/kacha/Desktop/github/IPA2024-Final/showrun.yml:8:7

6
7   tasks:
8     - name: Show running-config from device
        ^ column 7

fatal: [CSR1000v]: FAILED! => {"changed": false, "msg": "ssh connection failed: ssh connect failed: kex error : no match for method kex algos: server [diffie-hellman-group-exchange-sha1,diffie-hellman-group14-sha1], client [curve25519-sha256,curve25519-sha256@libssh.org,ecdh-sha2-nistp256,ecdh-sha2-nistp384,ecdh-sha2-nistp521,diffie-hellman-group18-sha512,diffie-hellman-group16-sha512,diffie-hellman-group-exchange-sha256,diffie-hellman-group14-sha256]"}

PLAY RECAP *********************************************************************
CSR1000v                   : ok=0    changed=0    unreachable=0    failed=1    skipped=0    rescued=0    ignored=0
2025-10-23 17:37:32 +0700 | Room: IPA2025 | /66070244 showrun
2025-10-23 17:37:38 +0700 | Room: IPA2025 | Failure 
PLAY [Backup running config from CSR router] ***********************************

TASK [Show running-config from device] *****************************************
[ERROR]: Task failed: Action failed: Failed to authenticate: Authentication failed: transport shut down or saw EOF
Origin: /home/kacha/Desktop/github/IPA2024-Final/showrun.yml:8:7

6
7   tasks:
8     - name: Show running-config from device
        ^ column 7

fatal: [CSR1000v]: FAILED! => {"changed": false, "msg": "Failed to authenticate: Authentication failed: transport shut down or saw EOF"}

PLAY RECAP *********************************************************************
CSR1000v                   : ok=0    changed=0    unreachable=0    failed=1    skipped=0    rescued=0    ignored=0
2025-10-23 17:40:43 +0700 | Room: IPA2025 | /66070244 showrun
2025-10-23 17:40:49 +0700 | Room: IPA2025 | Failure 
PLAY [Backup running config from CSR router] ***********************************

TASK [Show running-config from device] *****************************************
[ERROR]: Task failed: Action failed: Failed to authenticate: Authentication failed: transport shut down or saw EOF
Origin: /home/kacha/Desktop/github/IPA2024-Final/showrun.yml:8:7

6
7   tasks:
8     - name: Show running-config from device
        ^ column 7

fatal: [CSR1000v]: FAILED! => {"changed": false, "msg": "Failed to authenticate: Authentication failed: transport shut down or saw EOF"}

PLAY RECAP *********************************************************************
CSR1000v                   : ok=0    changed=0    unreachable=0    failed=1    skipped=0    rescued=0    ignored=0
2025-10-23 17:44:43 +0700 | Room: IPA2025 | /66070244 showrun
2025-10-23 17:44:50 +0700 | Room: IPA2025 | Failure 
PLAY [Backup running config from CSR router] ***********************************

TASK [Show running-config from device] *****************************************
[ERROR]: Task failed: Action failed: Failed to authenticate: Authentication failed: transport shut down or saw EOF
Origin: /home/kacha/Desktop/github/IPA2024-Final/showrun.yml:8:7

6
7   tasks:
8     - name: Show running-config from device
        ^ column 7

fatal: [CSR1000v]: FAILED! => {"changed": false, "msg": "Failed to authenticate: Authentication failed: transport shut down or saw EOF"}

PLAY RECAP *********************************************************************
CSR1000v                   : ok=0    changed=0    unreachable=0    failed=1    skipped=0    rescued=0    ignored=0
2025-10-23 17:49:01 +0700 | Room: IPA2025 | /66070244 showrun
2025-10-23 17:49:07 +0700 | Room: IPA2025 | Failure 
PLAY [Backup running config from CSR router] ***********************************

TASK [Show running-config from device] *****************************************
[ERROR]: Task failed: Action failed: Failed to authenticate: Authentication failed: transport shut down or saw EOF
Origin: /home/kacha/Desktop/github/IPA2024-Final/showrun.yml:8:7

6
7   tasks:
8     - name: Show running-config from device
        ^ column 7

fatal: [CSR1000v]: FAILED! => {"changed": false, "msg": "Failed to authenticate: Authentication failed: transport shut down or saw EOF"}

PLAY RECAP *********************************************************************
CSR1000v                   : ok=0    changed=0    unreachable=0    failed=1    skipped=0    rescued=0    ignored=0
2025-10-23 17:50:51 +0700 | Room: IPA2025 | /66070244 showrun
2025-10-23 17:50:54 +0700 | Room: IPA2025 | Failure 
PLAY [Backup running config from CSR router] ***********************************

TASK [Show running-config from device] *****************************************
[ERROR]: Task failed: Action failed: ssh connection failed: ssh connect failed: kex error : no match for method kex algos: server [diffie-hellman-group-exchange-sha1,diffie-hellman-group14-sha1], client [curve25519-sha256,curve25519-sha256@libssh.org,ecdh-sha2-nistp256,ecdh-sha2-nistp384,ecdh-sha2-nistp521,diffie-hellman-group18-sha512,diffie-hellman-group16-sha512,diffie-hellman-group-exchange-sha256,diffie-hellman-group14-sha256]
Origin: /home/kacha/Desktop/github/IPA2024-Final/showrun.yml:8:7

6
7   tasks:
8     - name: Show running-config from device
        ^ column 7

fatal: [CSR1000v]: FAILED! => {"changed": false, "msg": "ssh connection failed: ssh connect failed: kex error : no match for method kex algos: server [diffie-hellman-group-exchange-sha1,diffie-hellman-group14-sha1], client [curve25519-sha256,curve25519-sha256@libssh.org,ecdh-sha2-nistp256,ecdh-sha2-nistp384,ecdh-sha2-nistp521,diffie-hellman-group18-sha512,diffie-hellman-group16-sha512,diffie-hellman-group-exchange-sha256,diffie-hellman-group14-sha256]"}

PLAY RECAP *********************************************************************
CSR1000v                   : ok=0    changed=0    unreachable=0    failed=1    skipped=0    rescued=0    ignored=0
2025-10-23 17:54:12 +0700 | Room: IPA2025 | /66070244 showrun
2025-10-23 17:54:17 +0700 | Room: IPA2025 | Failure 
PLAY [Backup running config from CSR router] ***********************************

TASK [Show running-config from device] *****************************************
[ERROR]: Task failed: Action failed: Failed to authenticate: Authentication failed: transport shut down or saw EOF
Origin: /home/kacha/Desktop/github/IPA2024-Final/showrun.yml:8:7

6
7   tasks:
8     - name: Show running-config from device
        ^ column 7

fatal: [CSR1000v]: FAILED! => {"changed": false, "msg": "Failed to authenticate: Authentication failed: transport shut down or saw EOF"}

PLAY RECAP *********************************************************************
CSR1000v                   : ok=0    changed=0    unreachable=0    failed=1    skipped=0    rescued=0    ignored=0
2025-10-23 18:18:44 +0700 | Room: IPA2025 | /66070244 status
2025-10-23 18:18:56 +0700 | Room: IPA2025 | Error during status check: Could not open socket to 10.0.15.61:830
2025-10-23 18:21:37 +0700 | Room: IPA2025 | /66070244 status
2025-10-23 18:21:40 +0700 | Room: IPA2025 | No Interface loopback 66070244
2025-10-23 18:21:50 +0700 | Room: IPA2025 | /66070244 showrun
2025-10-23 18:21:54 +0700 | Room: IPA2025 | Failure 
PLAY [Backup running config from CSR router] ***********************************

TASK [Show running-config from device] *****************************************
[ERROR]: Task failed: Action failed: ssh connection failed: ssh connect failed: kex error : no match for method kex algos: server [diffie-hellman-group-exchange-sha1,diffie-hellman-group14-sha1], client [curve25519-sha256,curve25519-sha256@libssh.org,ecdh-sha2-nistp256,ecdh-sha2-nistp384,ecdh-sha2-nistp521,diffie-hellman-group18-sha512,diffie-hellman-group16-sha512,diffie-hellman-group-exchange-sha256,diffie-hellman-group14-sha256]
Origin: /home/kacha/Desktop/github/IPA2024-Final/showrun.yml:8:7

6
7   tasks:
8     - name: Show running-config from device
        ^ column 7

fatal: [CSR1000v]: FAILED! => {"changed": false, "msg": "ssh connection failed: ssh connect failed: kex error : no match for method kex algos: server [diffie-hellman-group-exchange-sha1,diffie-hellman-group14-sha1], client [curve25519-sha256,curve25519-sha256@libssh.org,ecdh-sha2-nistp256,ecdh-sha2-nistp384,ecdh-sha2-nistp521,diffie-hellman-group18-sha512,diffie-hellman-group16-sha512,diffie-hellman-group-exchange-sha256,diffie-hellman-group14-sha256]"}

PLAY RECAP *********************************************************************
CSR1000v                   : ok=0    changed=0    unreachable=0    failed=1    skipped=0    rescued=0    ignored=0
2025-10-23 18:23:48 +0700 | Room: IPA2025 | /66070244 showrun
2025-10-23 18:23:51 +0700 | Room: IPA2025 | Failure 
PLAY [Backup running config from CSR router] ***********************************

TASK [Show running-config from device] *****************************************
[ERROR]: Task failed: Action failed: ssh connection failed: ssh connect failed: kex error : no match for method kex algos: server [diffie-hellman-group-exchange-sha1,diffie-hellman-group14-sha1], client [curve25519-sha256,curve25519-sha256@libssh.org,ecdh-sha2-nistp256,ecdh-sha2-nistp384,ecdh-sha2-nistp521,diffie-hellman-group18-sha512,diffie-hellman-group16-sha512,diffie-hellman-group-exchange-sha256,diffie-hellman-group14-sha256]
Origin: /home/kacha/Desktop/github/IPA2024-Final/showrun.yml:8:7

6
7   tasks:
8     - name: Show running-config from device
        ^ column 7

fatal: [CSR1000v]: FAILED! => {"changed": false, "msg": "ssh connection failed: ssh connect failed: kex error : no match for method kex algos: server [diffie-hellman-group-exchange-sha1,diffie-hellman-group14-sha1], client [curve25519-sha256,curve25519-sha256@libssh.org,ecdh-sha2-nistp256,ecdh-sha2-nistp384,ecdh-sha2-nistp521,diffie-hellman-group18-sha512,diffie-hellman-group16-sha512,diffie-hellman-group-exchange-sha256,diffie-hellman-group14-sha256]"}

PLAY RECAP *********************************************************************
CSR1000v                   : ok=0    changed=0    unreachable=0    failed=1    skipped=0    rescued=0    ignored=0
2025-10-23 18:25:32 +0700 | Room: IPA2025 | /66070244 status
2025-10-23 18:25:35 +0700 | Room: IPA2025 | No Interface loopback 66070244
2025-10-23 18:25:38 +0700 | Room: IPA2025 | /66070244 create
2025-10-23 18:25:42 +0700 | Room: IPA2025 | Interface loopback 66070244 is created successfully
2025-10-23 18:25:45 +0700 | Room: IPA2025 | /66070244 status
2025-10-23 18:25:48 +0700 | Room: IPA2025 | Interface loopback 66070244 is enabled
2025-10-23 18:25:56 +0700 | Room: IPA2025 | /66070244 showrun
2025-10-23 18:26:01 +0700 | Room: IPA2025 | Failure 
PLAY [Backup running config from CSR router] ***********************************

TASK [Show running-config from device] *****************************************
[ERROR]: Task failed: Action failed: ssh connection failed: ssh connect failed: kex error : no match for method kex algos: server [diffie-hellman-group-exchange-sha1,diffie-hellman-group14-sha1], client [curve25519-sha256,curve25519-sha256@libssh.org,ecdh-sha2-nistp256,ecdh-sha2-nistp384,ecdh-sha2-nistp521,diffie-hellman-group18-sha512,diffie-hellman-group16-sha512,diffie-hellman-group-exchange-sha256,diffie-hellman-group14-sha256]
Origin: /home/kacha/Desktop/github/IPA2024-Final/showrun.yml:8:7

6
7   tasks:
8     - name: Show running-config from device
        ^ column 7

fatal: [CSR1000v]: FAILED! => {"changed": false, "msg": "ssh connection failed: ssh connect failed: kex error : no match for method kex algos: server [diffie-hellman-group-exchange-sha1,diffie-hellman-group14-sha1], client [curve25519-sha256,curve25519-sha256@libssh.org,ecdh-sha2-nistp256,ecdh-sha2-nistp384,ecdh-sha2-nistp521,diffie-hellman-group18-sha512,diffie-hellman-group16-sha512,diffie-hellman-group-exchange-sha256,diffie-hellman-group14-sha256]"}

PLAY RECAP *********************************************************************
CSR1000v                   : ok=0    changed=0    unreachable=0    failed=1    skipped=0    rescued=0    ignored=0
2025-10-23 18:30:59 +0700 | Room: IPA2025 | /check 66070244
2025-10-23 18:31:19 +0700 | Room: IPA2025 | /66070244 status
2025-10-23 18:31:22 +0700 | Room: IPA2025 | Interface loopback 66070244 is enabled
2025-10-23 18:31:32 +0700 | Room: IPA2025 | /66070244 showrun
2025-10-23 18:31:40 +0700 | Room: IPA2025 | Failure 
PLAY [Backup running config from CSR router] ***********************************

TASK [Show running-config from device] *****************************************
[ERROR]: Task failed: Action failed: ssh connection failed: ssh connect failed: kex error : no match for method kex algos: server [diffie-hellman-group-exchange-sha1,diffie-hellman-group14-sha1], client [curve25519-sha256,curve25519-sha256@libssh.org,ecdh-sha2-nistp256,ecdh-sha2-nistp384,ecdh-sha2-nistp521,diffie-hellman-group18-sha512,diffie-hellman-group16-sha512,diffie-hellman-group-exchange-sha256,diffie-hellman-group14-sha256]
Origin: /home/kacha/Desktop/github/IPA2024-Final/showrun.yml:8:7

6
7   tasks:
8     - name: Show running-config from device
        ^ column 7

fatal: [CSR1000v]: FAILED! => {"changed": false, "msg": "ssh connection failed: ssh connect failed: kex error : no match for method kex algos: server [diffie-hellman-group-exchange-sha1,diffie-hellman-group14-sha1], client [curve25519-sha256,curve25519-sha256@libssh.org,ecdh-sha2-nistp256,ecdh-sha2-nistp384,ecdh-sha2-nistp521,diffie-hellman-group18-sha512,diffie-hellman-group16-sha512,diffie-hellman-group-exchange-sha256,diffie-hellman-group14-sha256]"}

PLAY RECAP *********************************************************************
CSR1000v                   : ok=0    changed=0    unreachable=0    failed=1    skipped=0    rescued=0    ignored=0
2025-10-23 20:11:36 +0700 | Room: IPA2025 | /66070244 หะฟะีห
2025-10-23 20:11:38 +0700 | Room: IPA2025 | Error: No command or unknown command
2025-10-23 20:11:41 +0700 | Room: IPA2025 | /66070244 status
2025-10-23 20:11:44 +0700 | Room: IPA2025 | Interface loopback 66070244 is enabled
2025-10-23 20:11:47 +0700 | Room: IPA2025 | /66070244 showrun
2025-10-23 20:11:53 +0700 | Room: IPA2025 | Show running-config for 66070244
2025-10-23 20:12:27 +0700 | Room: IPA2025 | /66070244 gigabit_status
2025-10-23 20:12:30 +0700 | Room: IPA2025 | GigabitEthernet1 up -> 1 up, 0 down, 0 administratively down
2025-10-23 20:18:15 +0700 | Room: IPA2025 | /66070244 showrun
2025-10-23 20:18:38 +0700 | Room: IPA2025 | Show running-config for 66070244
