2025-10-23 21:34:34 +0700 | Room: IPA2025 | /66070107 status
2025-10-23 21:34:50 +0700 | Room: IPA2025 | Interface loopback 66070107 is enabled
2025-10-23 21:36:29 +0700 | Room: IPA2025 | /66070107 gigabit_status
2025-10-23 21:36:32 +0700 | Room: IPA2025 | GigabitEthernet1 up -> 1 up, 0 down, 0 administratively down
2025-10-23 21:40:59 +0700 | Room: Nijitpong Tipparak | พี่โอ๊ตครับผมทำ IPA2024_final เสดแล้วต้องทำไงบ้างครับ
2025-10-23 22:22:47 +0700 | Room: IPA2025 | /66070107 showrun
2025-10-23 22:22:59 +0700 | Room: IPA2025 | Error: Netmiko failed - TCP connection to device failed.

Common causes of this problem are:
1. Incorrect hostname or IP address.
2. Wrong TCP port.
3. Intermediate firewall blocking access.

Device settings: cisco_ios 10.0.15.61:22
2025-10-23 22:23:30 +0700 | Room: IPA2025 | /66070107 disable
2025-10-23 22:23:56 +0700 | Room: IPA2025 | Interface loopback 66070107 is disabled successfully
2025-10-23 22:23:56 +0700 | Room: IPA2025 | /66070107 showrun
2025-10-23 22:24:00 +0700 | Room: IPA2025 | show running config (show_run_66070107_CSR1KV.txt)
2025-10-23 22:24:10 +0700 | Room: IPA2025 | /66070107 enable
2025-10-23 22:24:14 +0700 | Room: IPA2025 | Interface loopback 66070107 is enabled successfully
2025-10-23 22:26:30 +0700 | Room: Nijitpong Tipparak | https://github.com/Luze1/IPA2024-Final.git
2025-10-23 22:51:14 +0700 | Room: IPA2025 | /check 66070107
2025-10-23 22:51:19 +0700 | Room: IPA2025 | Interface loopback 66070107 is deleted successfully
2025-10-23 22:51:25 +0700 | Room: IPA2025 | Cannot delete: Interface loopback 66070107
2025-10-23 22:51:29 +0700 | Room: IPA2025 | GigabitEthernet1 up -> 1 up, 0 down, 0 administratively down
2025-10-23 22:51:34 +0700 | Room: IPA2025 | Cannot enable: Interface loopback 66070107
2025-10-23 22:51:37 +0700 | Room: IPA2025 | Cannot enable: Interface loopback 66070107
2025-10-23 22:51:41 +0700 | Room: IPA2025 | Interface loopback 66070107 is created successfully
2025-10-23 22:51:44 +0700 | Room: IPA2025 | Cannot create: Interface loopback 66070107
2025-10-23 22:51:49 +0700 | Room: IPA2025 | show running config (show_run_66070107_CSR1KV.txt)
