2025-10-23 20:30:42 +0700 | Room: IPA2025 | /66070061 showrun
2025-10-23 20:44:09 +0700 | Room: IPA2025 | /66070061 create
2025-10-23 20:53:05 +0700 | Room: IPA2025 | Interface loopback 66070061 is created successfully
2025-10-23 20:53:59 +0700 | Room: IPA2025 | /66070061 status
2025-10-23 20:54:02 +0700 | Room: IPA2025 | Interface loopback 66070061 is enabled
2025-10-23 20:54:22 +0700 | Room: IPA2025 | /66070061 disable
2025-10-23 20:54:27 +0700 | Room: IPA2025 | Interface loopback 66070061 is shutdowned successfully
2025-10-23 20:54:42 +0700 | Room: IPA2025 | /66070061 enable
2025-10-23 20:54:45 +0700 | Room: IPA2025 | Interface loopback 66070061 is enabled successfully
2025-10-23 20:55:02 +0700 | Room: IPA2025 | /66070061 gigabit_status
2025-10-23 22:28:20 +0700 | Room: IPA2025 | /66070061 enable
2025-10-23 22:28:23 +0700 | Room: IPA2025 | Interface loopback 66070061 is enabled successfully
2025-10-23 22:28:32 +0700 | Room: IPA2025 | /66070061 showrun
2025-10-23 22:28:38 +0700 | Room: IPA2025 | show running config
2025-10-23 22:36:06 +0700 | Room: IPA2025 | /66070061 create
2025-10-23 22:36:08 +0700 | Room: IPA2025 | Interface loopback 66070061 is created successfully
2025-10-23 22:36:22 +0700 | Room: IPA2025 | /66070061 disable
2025-10-23 22:36:24 +0700 | Room: IPA2025 | Interface loopback 66070061 is shutdowned successfully
2025-10-23 22:36:34 +0700 | Room: IPA2025 | /66070061 enable
2025-10-23 22:36:37 +0700 | Room: IPA2025 | Interface loopback 66070061 is enabled successfully
2025-10-23 22:36:45 +0700 | Room: IPA2025 | /66070061 status
2025-10-23 22:36:48 +0700 | Room: IPA2025 | Interface loopback 66070061 is enabled
2025-10-23 22:37:03 +0700 | Room: IPA2025 | /66070061 delete
2025-10-23 22:37:05 +0700 | Room: IPA2025 | Interface loopback 66070061 is deleted successfully
2025-10-23 22:37:34 +0700 | Room: IPA2025 | /66070061 gigabit_status
2025-10-23 22:39:40 +0700 | Room: IPA2025 | GigabitEthernet1 up -> 1 up, 0 down, 0 administratively down
2025-10-23 22:40:14 +0700 | Room: IPA2025 | /66070061 showrun
2025-10-23 22:40:20 +0700 | Room: IPA2025 | show running config
2025-10-23 22:43:42 +0700 | Room: Nattapong Puttipatkosit | https://github.com/SassyxD/IPA2024-Final
2025-10-23 22:43:47 +0700 | Room: Nattapong Puttipatkosit | 66070061 ครับ
2025-10-23 22:48:58 +0700 | Room: IPA2025 | /check 66070061
2025-10-23 22:49:05 +0700 | Room: IPA2025 | Cannot shutdown: Interface loopback 66070061
2025-10-23 22:49:16 +0700 | Room: IPA2025 | show running config
2025-10-23 22:49:20 +0700 | Room: IPA2025 | Cannot shutdown: Interface loopback 66070061
2025-10-23 22:49:26 +0700 | Room: IPA2025 | Cannot enable: Interface loopback 66070061
2025-10-23 22:49:32 +0700 | Room: IPA2025 | GigabitEthernet1 up -> 1 up, 0 down, 0 administratively down
2025-10-23 22:49:39 +0700 | Room: IPA2025 | No Interface loopback 66070061
2025-10-23 22:49:44 +0700 | Room: IPA2025 | No Interface loopback 66070061
2025-10-23 22:51:13 +0700 | Room: Nattapong Puttipatkosit | อันนี้คือเรียบร้อยแล้วไหมครับ
2025-10-23 22:51:36 +0700 | Room: Nattapong Puttipatkosit | รักพี่โอ๊ต😘
