2025-10-23 14:34:37 +0700 | Room: IPA2025 | /66070100 status
2025-10-23 14:34:38 +0700 | Room: IPA2025 | Interface loopback 66070100 is enabled
2025-10-23 14:34:47 +0700 | Room: IPA2025 | /66070100 create
2025-10-23 14:34:51 +0700 | Room: IPA2025 | Cannot create: Interface loopback 66070100
2025-10-23 14:34:56 +0700 | Room: IPA2025 | /66070100 delete
2025-10-23 14:34:59 +0700 | Room: IPA2025 | Interface loopback 66070100 is deleted successfully
2025-10-23 14:35:05 +0700 | Room: IPA2025 | /66070100 status
2025-10-23 14:35:06 +0700 | Room: IPA2025 | No Interface loopback 66070100
2025-10-23 14:35:21 +0700 | Room: IPA2025 | /66070100 delete
2025-10-23 14:35:24 +0700 | Room: IPA2025 | Cannot delete: Interface loopback 66070100
2025-10-23 14:35:31 +0700 | Room: IPA2025 | /66070100 enable
2025-10-23 14:35:33 +0700 | Room: IPA2025 | Cannot enable: Interface loopback 66070100
2025-10-23 14:35:59 +0700 | Room: IPA2025 | /66070100 gigabit_status
2025-10-23 14:36:02 +0700 | Room: IPA2025 | GigabitEthernet1 u -> 1 up, 0 down, 0 administratively down
2025-10-23 14:37:21 +0700 | Room: IPA2025 | /66070100 gigabit_status
2025-10-23 14:37:24 +0700 | Room: IPA2025 | GigabitEthernet1 up -> 1 up, 0 down, 0 administratively down
2025-10-23 14:37:57 +0700 | Room: IPA2025 | /66070100 showrun
2025-10-23 14:38:05 +0700 | Room: IPA2025 | show running config
2025-10-23 14:39:34 +0700 | Room: IPA2025 | /66070100 showrun
2025-10-23 14:42:53 +0700 | Room: IPA2025 | /66070100 show run
2025-10-23 14:43:13 +0700 | Room: IPA2025 | Error: No command or unknown command
2025-10-23 14:43:21 +0700 | Room: IPA2025 | /66070100 showrun
2025-10-23 14:44:02 +0700 | Room: IPA2025 | show running config
2025-10-23 15:44:00 +0700 | Room: Nawachart Ongcharoen | https://github.com/IT2166070100/IPA2024-Final
ส่ง Final 2024 ครับ
2025-10-23 16:10:05 +0700 | Room: IPA2025 | /66070100 check
2025-10-23 16:10:07 +0700 | Room: IPA2025 | Error: No command or unknown command
2025-10-23 16:10:19 +0700 | Room: IPA2025 | check /66070100
2025-10-23 16:11:22 +0700 | Room: IPA2025 | check 66070100
2025-10-23 16:12:02 +0700 | Room: IPA2025 | /check 66070100
2025-10-23 16:12:08 +0700 | Room: IPA2025 | No Interface loopback 66070100
2025-10-23 16:12:14 +0700 | Room: IPA2025 | No Interface loopback 66070100
2025-10-23 16:12:17 +0700 | Room: IPA2025 | Interface loopback 66070100 is created successfully
2025-10-23 16:12:21 +0700 | Room: IPA2025 | Interface loopback 66070100 is enabled successfully
2025-10-23 16:12:26 +0700 | Room: IPA2025 | Interface loopback 66070100 is deleted successfully
2025-10-23 16:12:29 +0700 | Room: IPA2025 | Cannot enable: Interface loopback 66070100
2025-10-23 16:12:39 +0700 | Room: IPA2025 | show running config
2025-10-23 16:12:54 +0700 | Room: Nawachart Ongcharoen | เรียบร้อบแล้วครับ
2025-10-23 17:12:42 +0700 | Room: Nawachart Ongcharoen | 
