2025-10-23 17:35:39 +0700 | Room: IPA2025 | /check 66070191
2025-10-23 17:36:34 +0700 | Room: IPA2025 | /check 66070191
2025-10-23 17:36:39 +0700 | Room: IPA2025 | Cannot delete: Interface loopback 66070191
2025-10-23 17:36:42 +0700 | Room: IPA2025 | Cannot delete: Interface loopback 66070191
2025-10-23 17:36:47 +0700 | Room: IPA2025 | GigabitEthernet1 up -> 1 up, 0 down, 0 administratively down
2025-10-23 17:36:50 +0700 | Room: IPA2025 | GigabitEthernet1 up -> 1 up, 0 down, 0 administratively down
2025-10-23 17:36:55 +0700 | Room: IPA2025 | Cannot enable: Interface loopback 66070191
2025-10-23 17:36:58 +0700 | Room: IPA2025 | GigabitEthernet1 up -> 1 up, 0 down, 0 administratively down
2025-10-23 17:37:03 +0700 | Room: IPA2025 | Cannot enable: Interface loopback 66070191
2025-10-23 17:37:07 +0700 | Room: IPA2025 | Cannot delete: Interface loopback 66070191
2025-10-23 17:37:18 +0700 | Room: IPA2025 | show_run_66070191_CSR1kv.txt
2025-10-23 17:38:41 +0700 | Room: IPA2025 | /66070191 create
2025-10-23 17:38:43 +0700 | Room: IPA2025 | Interface Loopback66070191 is created successfully
2025-10-23 17:38:55 +0700 | Room: IPA2025 | /check 66070191
2025-10-23 17:39:04 +0700 | Room: IPA2025 | show_run_66070191_CSR1kv.txt
2025-10-23 17:39:07 +0700 | Room: IPA2025 | GigabitEthernet1 up -> 1 up, 0 down, 0 administratively down
2025-10-23 17:39:12 +0700 | Room: IPA2025 | GigabitEthernet1 up -> 1 up, 0 down, 0 administratively down
2025-10-23 17:39:16 +0700 | Room: IPA2025 | Cannot create: Interface loopback 66070191
2025-10-23 17:39:21 +0700 | Room: IPA2025 | Interface loopback 66070191 is deleted successfully
2025-10-23 17:39:25 +0700 | Room: IPA2025 | Cannot shutdown: Interface loopback 66070191
2025-10-23 17:39:29 +0700 | Room: IPA2025 | Cannot shutdown: Interface loopback 66070191
2025-10-23 17:40:27 +0700 | Room: Sirachet Chotthakunanan | รันแล้วครับพี่
2025-10-23 18:10:48 +0700 | Room: Sirachet Chotthakunanan | ขอบคุณครับ
